// Jest Snapshot v1, https://goo.gl/fbAQLP

exports[`a11y Results Formatter should format a11y issues as expected with default options for dom 0 1`] = `""`;

exports[`a11y Results Formatter should format a11y issues as expected with default options for dom 0 2`] = `0`;

exports[`a11y Results Formatter should format a11y issues as expected with default options for dom 0 3`] = `
"0 Accessibility issues found
 "
`;
